2026-07-16 00:04:05 | INFO     | SYSTEM       | API-GATEWAY     | SISTEMA: Iniciando API Gateway...
2026-07-16 00:04:08 | ERROR    | SYSTEM       | API-GATEWAY     | SISTEMA: Error al establecer el pool de conexiones: [Errno 11001] getaddrinfo failed
2026-07-16 00:05:42 | INFO     | SYSTEM       | API-GATEWAY     | SISTEMA: Apagando API Gateway...
2026-07-16 00:05:42 | INFO     | SYSTEM       | API-GATEWAY     | SISTEMA: Conexiones cerradas.
2026-07-16 00:06:01 | INFO     | SYSTEM       | API-GATEWAY     | SISTEMA: Iniciando API Gateway...
2026-07-16 00:06:01 | INFO     | SYSTEM       | API-GATEWAY     | SISTEMA: Pool de conexiones PostgreSQL establecido correctamente.
2026-07-16 00:06:53 | DEBUG    | SYSTEM       | API-GATEWAY     | OPERACIÓN INICIADA: GET /docs
2026-07-16 00:06:53 | INFO     | SYSTEM       | API-GATEWAY     | OPERACIÓN COMPLETADA: GET /docs | STATUS: 200 | TIEMPO: 1.03ms
2026-07-16 00:06:53 | DEBUG    | SYSTEM       | API-GATEWAY     | OPERACIÓN INICIADA: GET /openapi.json
2026-07-16 00:06:53 | INFO     | SYSTEM       | API-GATEWAY     | OPERACIÓN COMPLETADA: GET /openapi.json | STATUS: 200 | TIEMPO: 129.98ms
2026-07-16 00:07:06 | DEBUG    | SYSTEM       | API-GATEWAY     | OPERACIÓN INICIADA: POST /api/v1/auth/login
2026-07-16 00:07:06 | INFO     | SYSTEM       | API-GATEWAY     | OPERACIÓN COMPLETADA: POST /api/v1/auth/login | STATUS: 200 | TIEMPO: 458.10ms
2026-07-16 00:42:40 | INFO     | SYSTEM       | API-GATEWAY     | SISTEMA: Apagando API Gateway...
2026-07-16 00:42:40 | INFO     | SYSTEM       | API-GATEWAY     | SISTEMA: Conexiones cerradas.
2026-07-16 00:42:47 | INFO     | SYSTEM       | API-GATEWAY     | SISTEMA: Iniciando API Gateway...
2026-07-16 00:42:48 | INFO     | SYSTEM       | API-GATEWAY     | SISTEMA: Pool de conexiones PostgreSQL establecido correctamente.
2026-07-16 00:42:51 | INFO     | SYSTEM       | API-GATEWAY     | SISTEMA: Apagando API Gateway...
2026-07-16 00:42:51 | INFO     | SYSTEM       | API-GATEWAY     | SISTEMA: Conexiones cerradas.
2026-07-16 00:52:32 | INFO     | SYSTEM       | API-GATEWAY     | SISTEMA: Iniciando API Gateway...
2026-07-16 00:52:32 | INFO     | SYSTEM       | API-GATEWAY     | SISTEMA: Pool de conexiones PostgreSQL establecido correctamente.
2026-07-16 00:52:45 | DEBUG    | SYSTEM       | API-GATEWAY     | OPERACIÓN INICIADA: POST /api/v1/auth/login
2026-07-16 00:52:46 | INFO     | SYSTEM       | API-GATEWAY     | OPERACIÓN COMPLETADA: POST /api/v1/auth/login | STATUS: 200 | TIEMPO: 406.53ms
2026-07-16 00:53:02 | INFO     | SYSTEM       | API-GATEWAY     | SISTEMA: Apagando API Gateway...
2026-07-16 00:53:02 | INFO     | SYSTEM       | API-GATEWAY     | SISTEMA: Conexiones cerradas.
2026-07-16 02:10:18 | INFO     | SYSTEM       | API-GATEWAY     | SISTEMA: Iniciando API Gateway...
2026-07-16 02:10:21 | ERROR    | SYSTEM       | API-GATEWAY     | SISTEMA: Error al establecer el pool de conexiones: [Errno 11001] getaddrinfo failed
2026-07-16 02:10:25 | INFO     | SYSTEM       | API-GATEWAY     | SISTEMA: Apagando API Gateway...
2026-07-16 02:10:25 | INFO     | SYSTEM       | API-GATEWAY     | SISTEMA: Conexiones cerradas.
2026-07-16 02:10:40 | INFO     | SYSTEM       | API-GATEWAY     | SISTEMA: Iniciando API Gateway...
2026-07-16 02:10:41 | INFO     | SYSTEM       | API-GATEWAY     | SISTEMA: Pool de conexiones PostgreSQL establecido correctamente.
2026-07-16 02:10:54 | INFO     | SYSTEM       | API-GATEWAY     | SISTEMA: Apagando API Gateway...
2026-07-16 02:10:54 | INFO     | SYSTEM       | API-GATEWAY     | SISTEMA: Conexiones cerradas.
