2026-06-02 03:21:09 | DEBUG    | agente1      | CLAIMS-SERVICE  | Polling de notificaciones: agente1 (ROL_0002)
2026-06-02 03:21:20 | DEBUG    | agente1      | CLAIMS-SERVICE  | Polling de notificaciones: agente1 (ROL_0002)
2026-06-02 06:00:13 | DEBUG    | agente1      | CLAIMS-SERVICE  | Polling de notificaciones: agente1 (ROL_0002)
2026-06-02 07:03:04 | DEBUG    | agente1      | CLAIMS-SERVICE  | Polling de notificaciones: agente1 (ROL_0002)
2026-06-02 07:54:03 | DEBUG    | agente1      | CLAIMS-SERVICE  | Polling de notificaciones: agente1 (ROL_0002)
2026-06-02 07:54:20 | DEBUG    | agente1      | CLAIMS-SERVICE  | Polling de notificaciones: agente1 (ROL_0002)
2026-06-02 07:55:21 | DEBUG    | agente1      | CLAIMS-SERVICE  | Polling de notificaciones: agente1 (ROL_0002)
2026-06-02 07:56:22 | DEBUG    | agente1      | CLAIMS-SERVICE  | Polling de notificaciones: agente1 (ROL_0002)
2026-06-02 07:56:49 | DEBUG    | agente1      | CLAIMS-SERVICE  | Polling de notificaciones: agente1 (ROL_0002)
2026-06-02 07:57:19 | DEBUG    | agente1      | CLAIMS-SERVICE  | Polling de notificaciones: agente1 (ROL_0002)
2026-06-02 07:57:49 | DEBUG    | agente1      | CLAIMS-SERVICE  | Polling de notificaciones: agente1 (ROL_0002)
2026-06-02 07:58:20 | DEBUG    | agente1      | CLAIMS-SERVICE  | Polling de notificaciones: agente1 (ROL_0002)
2026-06-02 07:59:21 | DEBUG    | agente1      | CLAIMS-SERVICE  | Polling de notificaciones: agente1 (ROL_0002)
2026-06-02 08:00:22 | DEBUG    | agente1      | CLAIMS-SERVICE  | Polling de notificaciones: agente1 (ROL_0002)
2026-06-02 08:01:23 | DEBUG    | agente1      | CLAIMS-SERVICE  | Polling de notificaciones: agente1 (ROL_0002)
2026-06-02 08:01:49 | DEBUG    | agente1      | CLAIMS-SERVICE  | Polling de notificaciones: agente1 (ROL_0002)
2026-06-02 08:02:20 | DEBUG    | agente1      | CLAIMS-SERVICE  | Polling de notificaciones: agente1 (ROL_0002)
2026-06-02 08:02:49 | DEBUG    | agente1      | CLAIMS-SERVICE  | Polling de notificaciones: agente1 (ROL_0002)
2026-06-02 08:02:59 | DEBUG    | admin        | CLAIMS-SERVICE  | Polling de notificaciones: admin (ROL_0001)
2026-06-02 08:03:04 | DEBUG    | admin        | CLAIMS-SERVICE  | Polling de notificaciones: admin (ROL_0001)
2026-06-02 08:03:34 | DEBUG    | admin        | CLAIMS-SERVICE  | Polling de notificaciones: admin (ROL_0001)
2026-06-02 08:04:04 | DEBUG    | admin        | CLAIMS-SERVICE  | Polling de notificaciones: admin (ROL_0001)
2026-06-02 08:04:34 | DEBUG    | admin        | CLAIMS-SERVICE  | Polling de notificaciones: admin (ROL_0001)
2026-06-02 08:05:04 | DEBUG    | admin        | CLAIMS-SERVICE  | Polling de notificaciones: admin (ROL_0001)
2026-06-02 08:05:34 | DEBUG    | admin        | CLAIMS-SERVICE  | Polling de notificaciones: admin (ROL_0001)
2026-06-02 08:06:05 | DEBUG    | admin        | CLAIMS-SERVICE  | Polling de notificaciones: admin (ROL_0001)
2026-06-02 08:06:34 | DEBUG    | admin        | CLAIMS-SERVICE  | Polling de notificaciones: admin (ROL_0001)
2026-06-02 08:07:04 | DEBUG    | admin        | CLAIMS-SERVICE  | Polling de notificaciones: admin (ROL_0001)
2026-06-02 08:07:35 | DEBUG    | admin        | CLAIMS-SERVICE  | Polling de notificaciones: admin (ROL_0001)
2026-06-02 08:07:44 | DEBUG    | admin        | CLAIMS-SERVICE  | Polling de notificaciones: admin (ROL_0001)
2026-06-02 08:08:15 | DEBUG    | admin        | CLAIMS-SERVICE  | Polling de notificaciones: admin (ROL_0001)
2026-06-02 08:08:45 | DEBUG    | admin        | CLAIMS-SERVICE  | Polling de notificaciones: admin (ROL_0001)
2026-06-02 08:09:15 | DEBUG    | admin        | CLAIMS-SERVICE  | Polling de notificaciones: admin (ROL_0001)
2026-06-02 08:09:45 | DEBUG    | admin        | CLAIMS-SERVICE  | Polling de notificaciones: admin (ROL_0001)
2026-06-02 08:10:15 | DEBUG    | admin        | CLAIMS-SERVICE  | Polling de notificaciones: admin (ROL_0001)
2026-06-02 08:10:45 | DEBUG    | admin        | CLAIMS-SERVICE  | Polling de notificaciones: admin (ROL_0001)
2026-06-02 08:11:15 | DEBUG    | admin        | CLAIMS-SERVICE  | Polling de notificaciones: admin (ROL_0001)
2026-06-02 08:11:54 | DEBUG    | admin        | CLAIMS-SERVICE  | Polling de notificaciones: admin (ROL_0001)
2026-06-02 08:11:56 | DEBUG    | admin        | CLAIMS-SERVICE  | Polling de notificaciones: admin (ROL_0001)
2026-06-02 08:12:26 | DEBUG    | admin        | CLAIMS-SERVICE  | Polling de notificaciones: admin (ROL_0001)
2026-06-02 08:12:56 | DEBUG    | admin        | CLAIMS-SERVICE  | Polling de notificaciones: admin (ROL_0001)
2026-06-02 08:13:26 | DEBUG    | admin        | CLAIMS-SERVICE  | Polling de notificaciones: admin (ROL_0001)
2026-06-02 08:13:56 | DEBUG    | admin        | CLAIMS-SERVICE  | Polling de notificaciones: admin (ROL_0001)
2026-06-02 08:14:26 | DEBUG    | admin        | CLAIMS-SERVICE  | Polling de notificaciones: admin (ROL_0001)
2026-06-02 08:14:56 | DEBUG    | admin        | CLAIMS-SERVICE  | Polling de notificaciones: admin (ROL_0001)
2026-06-02 08:15:26 | DEBUG    | admin        | CLAIMS-SERVICE  | Polling de notificaciones: admin (ROL_0001)
2026-06-02 08:15:56 | DEBUG    | admin        | CLAIMS-SERVICE  | Polling de notificaciones: admin (ROL_0001)
2026-06-02 08:16:26 | DEBUG    | admin        | CLAIMS-SERVICE  | Polling de notificaciones: admin (ROL_0001)
2026-06-02 08:16:56 | DEBUG    | admin        | CLAIMS-SERVICE  | Polling de notificaciones: admin (ROL_0001)
2026-06-02 08:17:26 | DEBUG    | admin        | CLAIMS-SERVICE  | Polling de notificaciones: admin (ROL_0001)
2026-06-02 08:17:56 | DEBUG    | admin        | CLAIMS-SERVICE  | Polling de notificaciones: admin (ROL_0001)
2026-06-02 08:18:26 | DEBUG    | admin        | CLAIMS-SERVICE  | Polling de notificaciones: admin (ROL_0001)
2026-06-02 08:18:56 | DEBUG    | admin        | CLAIMS-SERVICE  | Polling de notificaciones: admin (ROL_0001)
2026-06-02 08:19:26 | DEBUG    | admin        | CLAIMS-SERVICE  | Polling de notificaciones: admin (ROL_0001)
2026-06-02 08:19:56 | DEBUG    | admin        | CLAIMS-SERVICE  | Polling de notificaciones: admin (ROL_0001)
2026-06-02 08:20:26 | DEBUG    | admin        | CLAIMS-SERVICE  | Polling de notificaciones: admin (ROL_0001)
2026-06-02 08:20:56 | DEBUG    | admin        | CLAIMS-SERVICE  | Polling de notificaciones: admin (ROL_0001)
2026-06-02 08:21:26 | DEBUG    | admin        | CLAIMS-SERVICE  | Polling de notificaciones: admin (ROL_0001)
2026-06-02 08:21:56 | DEBUG    | admin        | CLAIMS-SERVICE  | Polling de notificaciones: admin (ROL_0001)
2026-06-02 08:22:26 | DEBUG    | admin        | CLAIMS-SERVICE  | Polling de notificaciones: admin (ROL_0001)
2026-06-02 08:22:56 | DEBUG    | admin        | CLAIMS-SERVICE  | Polling de notificaciones: admin (ROL_0001)
2026-06-02 08:23:26 | DEBUG    | admin        | CLAIMS-SERVICE  | Polling de notificaciones: admin (ROL_0001)
2026-06-02 08:23:56 | DEBUG    | admin        | CLAIMS-SERVICE  | Polling de notificaciones: admin (ROL_0001)
2026-06-02 08:24:26 | DEBUG    | admin        | CLAIMS-SERVICE  | Polling de notificaciones: admin (ROL_0001)
2026-06-02 08:24:56 | DEBUG    | admin        | CLAIMS-SERVICE  | Polling de notificaciones: admin (ROL_0001)
2026-06-02 08:25:26 | DEBUG    | admin        | CLAIMS-SERVICE  | Polling de notificaciones: admin (ROL_0001)
2026-06-02 08:25:56 | DEBUG    | admin        | CLAIMS-SERVICE  | Polling de notificaciones: admin (ROL_0001)
2026-06-02 08:26:26 | DEBUG    | admin        | CLAIMS-SERVICE  | Polling de notificaciones: admin (ROL_0001)
2026-06-02 08:26:56 | DEBUG    | admin        | CLAIMS-SERVICE  | Polling de notificaciones: admin (ROL_0001)
2026-06-02 08:27:26 | DEBUG    | admin        | CLAIMS-SERVICE  | Polling de notificaciones: admin (ROL_0001)
2026-06-02 08:27:56 | DEBUG    | admin        | CLAIMS-SERVICE  | Polling de notificaciones: admin (ROL_0001)
2026-06-02 08:28:26 | DEBUG    | admin        | CLAIMS-SERVICE  | Polling de notificaciones: admin (ROL_0001)
2026-06-02 08:28:56 | DEBUG    | admin        | CLAIMS-SERVICE  | Polling de notificaciones: admin (ROL_0001)
2026-06-02 08:29:26 | DEBUG    | admin        | CLAIMS-SERVICE  | Polling de notificaciones: admin (ROL_0001)
2026-06-02 08:29:56 | DEBUG    | admin        | CLAIMS-SERVICE  | Polling de notificaciones: admin (ROL_0001)
2026-06-02 08:30:26 | DEBUG    | admin        | CLAIMS-SERVICE  | Polling de notificaciones: admin (ROL_0001)
2026-06-02 08:30:56 | DEBUG    | admin        | CLAIMS-SERVICE  | Polling de notificaciones: admin (ROL_0001)
2026-06-02 08:31:26 | DEBUG    | admin        | CLAIMS-SERVICE  | Polling de notificaciones: admin (ROL_0001)
2026-06-02 08:31:56 | DEBUG    | admin        | CLAIMS-SERVICE  | Polling de notificaciones: admin (ROL_0001)
2026-06-02 08:32:26 | DEBUG    | admin        | CLAIMS-SERVICE  | Polling de notificaciones: admin (ROL_0001)
2026-06-02 08:32:56 | DEBUG    | admin        | CLAIMS-SERVICE  | Polling de notificaciones: admin (ROL_0001)
2026-06-02 08:33:26 | DEBUG    | admin        | CLAIMS-SERVICE  | Polling de notificaciones: admin (ROL_0001)
2026-06-02 08:33:56 | DEBUG    | admin        | CLAIMS-SERVICE  | Polling de notificaciones: admin (ROL_0001)
2026-06-02 08:34:26 | DEBUG    | admin        | CLAIMS-SERVICE  | Polling de notificaciones: admin (ROL_0001)
2026-06-02 08:34:56 | DEBUG    | admin        | CLAIMS-SERVICE  | Polling de notificaciones: admin (ROL_0001)
2026-06-02 08:35:26 | DEBUG    | admin        | CLAIMS-SERVICE  | Polling de notificaciones: admin (ROL_0001)
2026-06-02 08:35:56 | DEBUG    | admin        | CLAIMS-SERVICE  | Polling de notificaciones: admin (ROL_0001)
2026-06-02 08:36:26 | DEBUG    | admin        | CLAIMS-SERVICE  | Polling de notificaciones: admin (ROL_0001)
2026-06-02 08:36:56 | DEBUG    | admin        | CLAIMS-SERVICE  | Polling de notificaciones: admin (ROL_0001)
2026-06-02 08:37:26 | DEBUG    | admin        | CLAIMS-SERVICE  | Polling de notificaciones: admin (ROL_0001)
2026-06-02 08:37:56 | DEBUG    | admin        | CLAIMS-SERVICE  | Polling de notificaciones: admin (ROL_0001)
2026-06-02 08:38:26 | DEBUG    | admin        | CLAIMS-SERVICE  | Polling de notificaciones: admin (ROL_0001)
2026-06-02 08:38:56 | DEBUG    | admin        | CLAIMS-SERVICE  | Polling de notificaciones: admin (ROL_0001)
2026-06-02 08:39:26 | DEBUG    | admin        | CLAIMS-SERVICE  | Polling de notificaciones: admin (ROL_0001)
2026-06-02 08:39:56 | DEBUG    | admin        | CLAIMS-SERVICE  | Polling de notificaciones: admin (ROL_0001)
2026-06-02 08:40:26 | DEBUG    | admin        | CLAIMS-SERVICE  | Polling de notificaciones: admin (ROL_0001)
2026-06-02 08:40:56 | DEBUG    | admin        | CLAIMS-SERVICE  | Polling de notificaciones: admin (ROL_0001)
2026-06-02 08:41:27 | DEBUG    | admin        | CLAIMS-SERVICE  | Polling de notificaciones: admin (ROL_0001)
2026-06-02 08:41:57 | DEBUG    | admin        | CLAIMS-SERVICE  | Polling de notificaciones: admin (ROL_0001)
2026-06-02 08:42:58 | DEBUG    | admin        | CLAIMS-SERVICE  | Polling de notificaciones: admin (ROL_0001)
2026-06-02 08:43:59 | DEBUG    | admin        | CLAIMS-SERVICE  | Polling de notificaciones: admin (ROL_0001)
2026-06-02 08:49:32 | DEBUG    | admin        | CLAIMS-SERVICE  | Polling de notificaciones: admin (ROL_0001)
2026-06-02 08:50:12 | DEBUG    | admin        | CLAIMS-SERVICE  | Polling de notificaciones: admin (ROL_0001)
2026-06-02 08:50:26 | DEBUG    | admin        | CLAIMS-SERVICE  | Polling de notificaciones: admin (ROL_0001)
2026-06-02 08:50:57 | DEBUG    | admin        | CLAIMS-SERVICE  | Polling de notificaciones: admin (ROL_0001)
2026-06-02 08:51:27 | DEBUG    | admin        | CLAIMS-SERVICE  | Polling de notificaciones: admin (ROL_0001)
2026-06-02 08:51:56 | DEBUG    | admin        | CLAIMS-SERVICE  | Polling de notificaciones: admin (ROL_0001)
2026-06-02 08:52:26 | DEBUG    | admin        | CLAIMS-SERVICE  | Polling de notificaciones: admin (ROL_0001)
2026-06-02 08:52:56 | DEBUG    | admin        | CLAIMS-SERVICE  | Polling de notificaciones: admin (ROL_0001)
2026-06-02 08:53:38 | DEBUG    | E24455144    | CLAIMS-SERVICE  | Polling de notificaciones: E24455144 (ROL_0001)
2026-06-02 08:54:08 | DEBUG    | E24455144    | CLAIMS-SERVICE  | Polling de notificaciones: E24455144 (ROL_0001)
2026-06-02 08:54:38 | DEBUG    | E24455144    | CLAIMS-SERVICE  | Polling de notificaciones: E24455144 (ROL_0001)
2026-06-02 08:54:53 | DEBUG    | E24455144    | CLAIMS-SERVICE  | Polling de notificaciones: E24455144 (ROL_0001)
2026-06-02 08:55:23 | DEBUG    | E24455144    | CLAIMS-SERVICE  | Polling de notificaciones: E24455144 (ROL_0001)
2026-06-02 08:55:53 | DEBUG    | E24455144    | CLAIMS-SERVICE  | Polling de notificaciones: E24455144 (ROL_0001)
2026-06-02 08:56:23 | DEBUG    | E24455144    | CLAIMS-SERVICE  | Polling de notificaciones: E24455144 (ROL_0001)
2026-06-02 08:56:53 | DEBUG    | E24455144    | CLAIMS-SERVICE  | Polling de notificaciones: E24455144 (ROL_0001)
2026-06-02 08:57:23 | DEBUG    | E24455144    | CLAIMS-SERVICE  | Polling de notificaciones: E24455144 (ROL_0001)
2026-06-02 08:57:53 | DEBUG    | E24455144    | CLAIMS-SERVICE  | Polling de notificaciones: E24455144 (ROL_0001)
2026-06-02 08:58:02 | DEBUG    | E24455144    | CLAIMS-SERVICE  | Polling de notificaciones: E24455144 (ROL_0001)
2026-06-02 08:58:32 | DEBUG    | E24455144    | CLAIMS-SERVICE  | Polling de notificaciones: E24455144 (ROL_0001)
2026-06-02 08:59:02 | DEBUG    | E24455144    | CLAIMS-SERVICE  | Polling de notificaciones: E24455144 (ROL_0001)
2026-06-02 08:59:32 | DEBUG    | E24455144    | CLAIMS-SERVICE  | Polling de notificaciones: E24455144 (ROL_0001)
2026-06-02 09:00:02 | DEBUG    | E24455144    | CLAIMS-SERVICE  | Polling de notificaciones: E24455144 (ROL_0001)
2026-06-02 09:00:32 | DEBUG    | E24455144    | CLAIMS-SERVICE  | Polling de notificaciones: E24455144 (ROL_0001)
2026-06-02 09:01:02 | DEBUG    | E24455144    | CLAIMS-SERVICE  | Polling de notificaciones: E24455144 (ROL_0001)
2026-06-02 09:01:32 | DEBUG    | E24455144    | CLAIMS-SERVICE  | Polling de notificaciones: E24455144 (ROL_0001)
2026-06-02 09:02:02 | DEBUG    | E24455144    | CLAIMS-SERVICE  | Polling de notificaciones: E24455144 (ROL_0001)
2026-06-02 09:02:32 | DEBUG    | E24455144    | CLAIMS-SERVICE  | Polling de notificaciones: E24455144 (ROL_0001)
2026-06-02 09:03:02 | DEBUG    | E24455144    | CLAIMS-SERVICE  | Polling de notificaciones: E24455144 (ROL_0001)
2026-06-02 09:03:32 | DEBUG    | E24455144    | CLAIMS-SERVICE  | Polling de notificaciones: E24455144 (ROL_0001)
2026-06-02 09:04:02 | DEBUG    | E24455144    | CLAIMS-SERVICE  | Polling de notificaciones: E24455144 (ROL_0001)
2026-06-02 09:06:47 | DEBUG    | E24455144    | CLAIMS-SERVICE  | Polling de notificaciones: E24455144 (ROL_0001)
2026-06-02 09:07:16 | DEBUG    | E24455144    | CLAIMS-SERVICE  | Polling de notificaciones: E24455144 (ROL_0001)
2026-06-02 09:07:47 | DEBUG    | E24455144    | CLAIMS-SERVICE  | Polling de notificaciones: E24455144 (ROL_0001)
2026-06-02 09:07:57 | DEBUG    | E24455144    | CLAIMS-SERVICE  | Polling de notificaciones: E24455144 (ROL_0001)
2026-06-02 09:08:09 | DEBUG    | E24455144    | CLAIMS-SERVICE  | Polling de notificaciones: E24455144 (ROL_0001)
2026-06-02 09:08:38 | DEBUG    | E24455144    | CLAIMS-SERVICE  | Polling de notificaciones: E24455144 (ROL_0001)
2026-06-02 09:08:57 | DEBUG    | E24455144    | CLAIMS-SERVICE  | Polling de notificaciones: E24455144 (ROL_0001)
2026-06-02 09:09:26 | DEBUG    | E24455144    | CLAIMS-SERVICE  | Polling de notificaciones: E24455144 (ROL_0001)
2026-06-02 09:09:57 | DEBUG    | E24455144    | CLAIMS-SERVICE  | Polling de notificaciones: E24455144 (ROL_0001)
2026-06-02 09:10:27 | DEBUG    | E24455144    | CLAIMS-SERVICE  | Polling de notificaciones: E24455144 (ROL_0001)
2026-06-02 09:10:57 | DEBUG    | E24455144    | CLAIMS-SERVICE  | Polling de notificaciones: E24455144 (ROL_0001)
2026-06-02 09:11:27 | DEBUG    | E24455144    | CLAIMS-SERVICE  | Polling de notificaciones: E24455144 (ROL_0001)
2026-06-02 09:11:57 | DEBUG    | E24455144    | CLAIMS-SERVICE  | Polling de notificaciones: E24455144 (ROL_0001)
2026-06-02 09:13:06 | DEBUG    | E24455144    | CLAIMS-SERVICE  | Polling de notificaciones: E24455144 (ROL_0001)
2026-06-02 09:13:06 | DEBUG    | E24455144    | CLAIMS-SERVICE  | Polling de notificaciones: E24455144 (ROL_0001)
2026-06-02 09:13:26 | DEBUG    | E24455144    | CLAIMS-SERVICE  | Polling de notificaciones: E24455144 (ROL_0001)
2026-06-02 09:13:57 | DEBUG    | E24455144    | CLAIMS-SERVICE  | Polling de notificaciones: E24455144 (ROL_0001)
2026-06-02 09:14:27 | DEBUG    | E24455144    | CLAIMS-SERVICE  | Polling de notificaciones: E24455144 (ROL_0001)
2026-06-02 09:15:23 | DEBUG    | E24455144    | CLAIMS-SERVICE  | Polling de notificaciones: E24455144 (ROL_0001)
2026-06-02 09:15:52 | DEBUG    | E24455144    | CLAIMS-SERVICE  | Polling de notificaciones: E24455144 (ROL_0001)
2026-06-02 09:15:56 | DEBUG    | E24455144    | CLAIMS-SERVICE  | Polling de notificaciones: E24455144 (ROL_0001)
2026-06-02 09:16:02 | DEBUG    | E24455144    | CLAIMS-SERVICE  | Polling de notificaciones: E24455144 (ROL_0001)
2026-06-02 09:16:32 | DEBUG    | E24455144    | CLAIMS-SERVICE  | Polling de notificaciones: E24455144 (ROL_0001)
2026-06-02 09:17:02 | DEBUG    | E24455144    | CLAIMS-SERVICE  | Polling de notificaciones: E24455144 (ROL_0001)
2026-06-02 09:17:32 | DEBUG    | E24455144    | CLAIMS-SERVICE  | Polling de notificaciones: E24455144 (ROL_0001)
2026-06-02 09:18:01 | DEBUG    | E24455144    | CLAIMS-SERVICE  | Polling de notificaciones: E24455144 (ROL_0001)
2026-06-02 09:18:01 | DEBUG    | E24455144    | CLAIMS-SERVICE  | Solicitud de lista de reclamos abiertos. Usuario: E24455144 | Rol: ROL_0001
2026-06-02 09:18:01 | DEBUG    | E24455144    | CLAIMS-SERVICE  | Consulta de históricos. Rango: 2026-06-02 al 2026-06-02 | Solicitado por: None
2026-06-02 09:18:01 | INFO     | E24455144    | CLAIMS-SERVICE  | Lista de abiertos cargada. Registros: 2 para el rol ROL_0001
2026-06-02 09:18:01 | INFO     | E24455144    | CLAIMS-SERVICE  | Histórico cargado: 0 registros atendidos encontrados.
2026-06-02 09:18:13 | DEBUG    | E24455144    | CLAIMS-SERVICE  | Consulta de históricos. Rango: 2026-01-01 al 2026-06-02 | Solicitado por: None
2026-06-02 09:18:13 | INFO     | E24455144    | CLAIMS-SERVICE  | Histórico cargado: 12 registros atendidos encontrados.
2026-06-02 09:18:31 | DEBUG    | E24455144    | CLAIMS-SERVICE  | Polling de notificaciones: E24455144 (ROL_0001)
2026-06-02 09:18:47 | DEBUG    | E24455144    | CLAIMS-SERVICE  | Polling de notificaciones: E24455144 (ROL_0001)
2026-06-02 09:19:16 | DEBUG    | E24455144    | CLAIMS-SERVICE  | Polling de notificaciones: E24455144 (ROL_0001)
2026-06-02 09:19:46 | DEBUG    | E24455144    | CLAIMS-SERVICE  | Polling de notificaciones: E24455144 (ROL_0001)
2026-06-02 09:20:16 | DEBUG    | E24455144    | CLAIMS-SERVICE  | Polling de notificaciones: E24455144 (ROL_0001)
2026-06-02 09:20:19 | DEBUG    | E24455144    | CLAIMS-SERVICE  | Polling de notificaciones: E24455144 (ROL_0001)
2026-06-02 09:20:49 | DEBUG    | E24455144    | CLAIMS-SERVICE  | Polling de notificaciones: E24455144 (ROL_0001)
2026-06-02 09:21:19 | DEBUG    | E24455144    | CLAIMS-SERVICE  | Polling de notificaciones: E24455144 (ROL_0001)
2026-06-02 09:21:49 | DEBUG    | E24455144    | CLAIMS-SERVICE  | Polling de notificaciones: E24455144 (ROL_0001)
2026-06-02 09:22:19 | DEBUG    | E24455144    | CLAIMS-SERVICE  | Polling de notificaciones: E24455144 (ROL_0001)
2026-06-02 09:22:49 | DEBUG    | E24455144    | CLAIMS-SERVICE  | Polling de notificaciones: E24455144 (ROL_0001)
2026-06-02 09:23:19 | DEBUG    | E24455144    | CLAIMS-SERVICE  | Polling de notificaciones: E24455144 (ROL_0001)
2026-06-02 09:23:49 | DEBUG    | E24455144    | CLAIMS-SERVICE  | Polling de notificaciones: E24455144 (ROL_0001)
2026-06-02 09:24:19 | DEBUG    | E24455144    | CLAIMS-SERVICE  | Polling de notificaciones: E24455144 (ROL_0001)
2026-06-02 09:24:49 | DEBUG    | E24455144    | CLAIMS-SERVICE  | Polling de notificaciones: E24455144 (ROL_0001)
2026-06-02 09:25:19 | DEBUG    | E24455144    | CLAIMS-SERVICE  | Polling de notificaciones: E24455144 (ROL_0001)
2026-06-02 09:25:49 | DEBUG    | E24455144    | CLAIMS-SERVICE  | Polling de notificaciones: E24455144 (ROL_0001)
2026-06-02 09:26:19 | DEBUG    | E24455144    | CLAIMS-SERVICE  | Polling de notificaciones: E24455144 (ROL_0001)
2026-06-02 09:26:49 | DEBUG    | E24455144    | CLAIMS-SERVICE  | Polling de notificaciones: E24455144 (ROL_0001)
2026-06-02 09:27:19 | DEBUG    | E24455144    | CLAIMS-SERVICE  | Polling de notificaciones: E24455144 (ROL_0001)
2026-06-02 09:27:49 | DEBUG    | E24455144    | CLAIMS-SERVICE  | Polling de notificaciones: E24455144 (ROL_0001)
2026-06-02 09:28:19 | DEBUG    | E24455144    | CLAIMS-SERVICE  | Polling de notificaciones: E24455144 (ROL_0001)
2026-06-02 09:28:49 | DEBUG    | E24455144    | CLAIMS-SERVICE  | Polling de notificaciones: E24455144 (ROL_0001)
2026-06-02 09:29:19 | DEBUG    | E24455144    | CLAIMS-SERVICE  | Polling de notificaciones: E24455144 (ROL_0001)
2026-06-02 09:29:49 | DEBUG    | E24455144    | CLAIMS-SERVICE  | Polling de notificaciones: E24455144 (ROL_0001)
2026-06-02 09:30:19 | DEBUG    | E24455144    | CLAIMS-SERVICE  | Polling de notificaciones: E24455144 (ROL_0001)
2026-06-02 09:30:49 | DEBUG    | E24455144    | CLAIMS-SERVICE  | Polling de notificaciones: E24455144 (ROL_0001)
2026-06-02 09:31:19 | DEBUG    | E24455144    | CLAIMS-SERVICE  | Polling de notificaciones: E24455144 (ROL_0001)
2026-06-02 09:31:49 | DEBUG    | E24455144    | CLAIMS-SERVICE  | Polling de notificaciones: E24455144 (ROL_0001)
2026-06-02 09:32:19 | DEBUG    | E24455144    | CLAIMS-SERVICE  | Polling de notificaciones: E24455144 (ROL_0001)
2026-06-02 09:32:49 | DEBUG    | E24455144    | CLAIMS-SERVICE  | Polling de notificaciones: E24455144 (ROL_0001)
2026-06-02 09:33:19 | DEBUG    | E24455144    | CLAIMS-SERVICE  | Polling de notificaciones: E24455144 (ROL_0001)
2026-06-02 09:33:49 | DEBUG    | E24455144    | CLAIMS-SERVICE  | Polling de notificaciones: E24455144 (ROL_0001)
2026-06-02 09:34:19 | DEBUG    | E24455144    | CLAIMS-SERVICE  | Polling de notificaciones: E24455144 (ROL_0001)
2026-06-02 09:34:49 | DEBUG    | E24455144    | CLAIMS-SERVICE  | Polling de notificaciones: E24455144 (ROL_0001)
2026-06-02 09:35:19 | DEBUG    | E24455144    | CLAIMS-SERVICE  | Polling de notificaciones: E24455144 (ROL_0001)
2026-06-02 09:35:49 | DEBUG    | E24455144    | CLAIMS-SERVICE  | Polling de notificaciones: E24455144 (ROL_0001)
2026-06-02 09:36:19 | DEBUG    | E24455144    | CLAIMS-SERVICE  | Polling de notificaciones: E24455144 (ROL_0001)
2026-06-02 09:36:49 | DEBUG    | E24455144    | CLAIMS-SERVICE  | Polling de notificaciones: E24455144 (ROL_0001)
2026-06-02 09:37:19 | DEBUG    | E24455144    | CLAIMS-SERVICE  | Polling de notificaciones: E24455144 (ROL_0001)
2026-06-02 09:37:49 | DEBUG    | E24455144    | CLAIMS-SERVICE  | Polling de notificaciones: E24455144 (ROL_0001)
2026-06-02 09:38:19 | DEBUG    | E24455144    | CLAIMS-SERVICE  | Polling de notificaciones: E24455144 (ROL_0001)
2026-06-02 09:38:49 | DEBUG    | E24455144    | CLAIMS-SERVICE  | Polling de notificaciones: E24455144 (ROL_0001)
2026-06-02 09:39:19 | DEBUG    | E24455144    | CLAIMS-SERVICE  | Polling de notificaciones: E24455144 (ROL_0001)
2026-06-02 09:39:49 | DEBUG    | E24455144    | CLAIMS-SERVICE  | Polling de notificaciones: E24455144 (ROL_0001)
2026-06-02 09:40:19 | DEBUG    | E24455144    | CLAIMS-SERVICE  | Polling de notificaciones: E24455144 (ROL_0001)
2026-06-02 09:40:49 | DEBUG    | E24455144    | CLAIMS-SERVICE  | Polling de notificaciones: E24455144 (ROL_0001)
2026-06-02 09:41:19 | DEBUG    | E24455144    | CLAIMS-SERVICE  | Polling de notificaciones: E24455144 (ROL_0001)
2026-06-02 09:41:49 | DEBUG    | E24455144    | CLAIMS-SERVICE  | Polling de notificaciones: E24455144 (ROL_0001)
2026-06-02 09:42:19 | DEBUG    | E24455144    | CLAIMS-SERVICE  | Polling de notificaciones: E24455144 (ROL_0001)
2026-06-02 09:42:49 | DEBUG    | E24455144    | CLAIMS-SERVICE  | Polling de notificaciones: E24455144 (ROL_0001)
2026-06-02 09:43:19 | DEBUG    | E24455144    | CLAIMS-SERVICE  | Polling de notificaciones: E24455144 (ROL_0001)
2026-06-02 09:43:49 | DEBUG    | E24455144    | CLAIMS-SERVICE  | Polling de notificaciones: E24455144 (ROL_0001)
2026-06-02 09:44:19 | DEBUG    | E24455144    | CLAIMS-SERVICE  | Polling de notificaciones: E24455144 (ROL_0001)
2026-06-02 09:44:49 | DEBUG    | E24455144    | CLAIMS-SERVICE  | Polling de notificaciones: E24455144 (ROL_0001)
2026-06-02 09:45:19 | DEBUG    | E24455144    | CLAIMS-SERVICE  | Polling de notificaciones: E24455144 (ROL_0001)
2026-06-02 09:45:49 | DEBUG    | E24455144    | CLAIMS-SERVICE  | Polling de notificaciones: E24455144 (ROL_0001)
2026-06-02 09:46:19 | DEBUG    | E24455144    | CLAIMS-SERVICE  | Polling de notificaciones: E24455144 (ROL_0001)
2026-06-02 09:46:49 | DEBUG    | E24455144    | CLAIMS-SERVICE  | Polling de notificaciones: E24455144 (ROL_0001)
2026-06-02 09:47:19 | DEBUG    | E24455144    | CLAIMS-SERVICE  | Polling de notificaciones: E24455144 (ROL_0001)
2026-06-02 09:47:49 | DEBUG    | E24455144    | CLAIMS-SERVICE  | Polling de notificaciones: E24455144 (ROL_0001)
2026-06-02 09:48:19 | DEBUG    | E24455144    | CLAIMS-SERVICE  | Polling de notificaciones: E24455144 (ROL_0001)
2026-06-02 09:48:38 | DEBUG    | E24455144    | CLAIMS-SERVICE  | Polling de notificaciones: E24455144 (ROL_0001)
2026-06-02 09:49:08 | DEBUG    | E24455144    | CLAIMS-SERVICE  | Polling de notificaciones: E24455144 (ROL_0001)
2026-06-02 09:49:38 | DEBUG    | E24455144    | CLAIMS-SERVICE  | Polling de notificaciones: E24455144 (ROL_0001)
2026-06-02 09:50:08 | DEBUG    | E24455144    | CLAIMS-SERVICE  | Polling de notificaciones: E24455144 (ROL_0001)
2026-06-02 09:50:38 | DEBUG    | E24455144    | CLAIMS-SERVICE  | Polling de notificaciones: E24455144 (ROL_0001)
2026-06-02 09:51:09 | DEBUG    | E24455144    | CLAIMS-SERVICE  | Polling de notificaciones: E24455144 (ROL_0001)
2026-06-02 09:56:26 | DEBUG    | E24455144    | CLAIMS-SERVICE  | Polling de notificaciones: E24455144 (ROL_0001)
2026-06-02 09:56:39 | DEBUG    | E24455144    | CLAIMS-SERVICE  | Polling de notificaciones: E24455144 (ROL_0001)
2026-06-02 09:57:08 | DEBUG    | E24455144    | CLAIMS-SERVICE  | Polling de notificaciones: E24455144 (ROL_0001)
2026-06-02 09:57:38 | DEBUG    | E24455144    | CLAIMS-SERVICE  | Polling de notificaciones: E24455144 (ROL_0001)
2026-06-02 09:58:08 | DEBUG    | E24455144    | CLAIMS-SERVICE  | Polling de notificaciones: E24455144 (ROL_0001)
2026-06-02 09:58:38 | DEBUG    | E24455144    | CLAIMS-SERVICE  | Polling de notificaciones: E24455144 (ROL_0001)
2026-06-02 09:59:08 | DEBUG    | E24455144    | CLAIMS-SERVICE  | Polling de notificaciones: E24455144 (ROL_0001)
2026-06-02 09:59:38 | DEBUG    | E24455144    | CLAIMS-SERVICE  | Polling de notificaciones: E24455144 (ROL_0001)
2026-06-02 10:00:08 | DEBUG    | E24455144    | CLAIMS-SERVICE  | Polling de notificaciones: E24455144 (ROL_0001)
2026-06-02 10:00:38 | DEBUG    | E24455144    | CLAIMS-SERVICE  | Polling de notificaciones: E24455144 (ROL_0001)
2026-06-02 10:01:08 | DEBUG    | E24455144    | CLAIMS-SERVICE  | Polling de notificaciones: E24455144 (ROL_0001)
2026-06-02 10:01:38 | DEBUG    | E24455144    | CLAIMS-SERVICE  | Polling de notificaciones: E24455144 (ROL_0001)
2026-06-02 10:02:08 | DEBUG    | E24455144    | CLAIMS-SERVICE  | Polling de notificaciones: E24455144 (ROL_0001)
2026-06-02 10:02:38 | DEBUG    | E24455144    | CLAIMS-SERVICE  | Polling de notificaciones: E24455144 (ROL_0001)
2026-06-02 10:03:08 | DEBUG    | E24455144    | CLAIMS-SERVICE  | Polling de notificaciones: E24455144 (ROL_0001)
2026-06-02 10:03:38 | DEBUG    | E24455144    | CLAIMS-SERVICE  | Polling de notificaciones: E24455144 (ROL_0001)
2026-06-02 10:04:08 | DEBUG    | E24455144    | CLAIMS-SERVICE  | Polling de notificaciones: E24455144 (ROL_0001)
2026-06-02 10:04:38 | DEBUG    | E24455144    | CLAIMS-SERVICE  | Polling de notificaciones: E24455144 (ROL_0001)
2026-06-02 10:05:08 | DEBUG    | E24455144    | CLAIMS-SERVICE  | Polling de notificaciones: E24455144 (ROL_0001)
2026-06-02 10:05:38 | DEBUG    | E24455144    | CLAIMS-SERVICE  | Polling de notificaciones: E24455144 (ROL_0001)
2026-06-02 10:06:08 | DEBUG    | E24455144    | CLAIMS-SERVICE  | Polling de notificaciones: E24455144 (ROL_0001)
2026-06-02 10:06:38 | DEBUG    | E24455144    | CLAIMS-SERVICE  | Polling de notificaciones: E24455144 (ROL_0001)
2026-06-02 10:07:08 | DEBUG    | E24455144    | CLAIMS-SERVICE  | Polling de notificaciones: E24455144 (ROL_0001)
2026-06-02 10:07:38 | DEBUG    | E24455144    | CLAIMS-SERVICE  | Polling de notificaciones: E24455144 (ROL_0001)
2026-06-02 10:08:08 | DEBUG    | E24455144    | CLAIMS-SERVICE  | Polling de notificaciones: E24455144 (ROL_0001)
2026-06-02 10:08:38 | DEBUG    | E24455144    | CLAIMS-SERVICE  | Polling de notificaciones: E24455144 (ROL_0001)
2026-06-02 10:09:08 | DEBUG    | E24455144    | CLAIMS-SERVICE  | Polling de notificaciones: E24455144 (ROL_0001)
2026-06-02 10:09:38 | DEBUG    | E24455144    | CLAIMS-SERVICE  | Polling de notificaciones: E24455144 (ROL_0001)
2026-06-02 10:10:08 | DEBUG    | E24455144    | CLAIMS-SERVICE  | Polling de notificaciones: E24455144 (ROL_0001)
2026-06-02 10:10:38 | DEBUG    | E24455144    | CLAIMS-SERVICE  | Polling de notificaciones: E24455144 (ROL_0001)
2026-06-02 10:11:08 | DEBUG    | E24455144    | CLAIMS-SERVICE  | Polling de notificaciones: E24455144 (ROL_0001)
2026-06-02 10:11:38 | DEBUG    | E24455144    | CLAIMS-SERVICE  | Polling de notificaciones: E24455144 (ROL_0001)
2026-06-02 10:12:08 | DEBUG    | E24455144    | CLAIMS-SERVICE  | Polling de notificaciones: E24455144 (ROL_0001)
2026-06-02 10:12:38 | DEBUG    | E24455144    | CLAIMS-SERVICE  | Polling de notificaciones: E24455144 (ROL_0001)
2026-06-02 10:13:08 | DEBUG    | E24455144    | CLAIMS-SERVICE  | Polling de notificaciones: E24455144 (ROL_0001)
2026-06-02 10:13:38 | DEBUG    | E24455144    | CLAIMS-SERVICE  | Polling de notificaciones: E24455144 (ROL_0001)
2026-06-02 10:14:08 | DEBUG    | E24455144    | CLAIMS-SERVICE  | Polling de notificaciones: E24455144 (ROL_0001)
2026-06-02 10:14:38 | DEBUG    | E24455144    | CLAIMS-SERVICE  | Polling de notificaciones: E24455144 (ROL_0001)
2026-06-02 10:15:08 | DEBUG    | E24455144    | CLAIMS-SERVICE  | Polling de notificaciones: E24455144 (ROL_0001)
2026-06-02 10:15:38 | DEBUG    | E24455144    | CLAIMS-SERVICE  | Polling de notificaciones: E24455144 (ROL_0001)
2026-06-02 10:16:08 | DEBUG    | E24455144    | CLAIMS-SERVICE  | Polling de notificaciones: E24455144 (ROL_0001)
2026-06-02 10:16:38 | DEBUG    | E24455144    | CLAIMS-SERVICE  | Polling de notificaciones: E24455144 (ROL_0001)
2026-06-02 10:17:08 | DEBUG    | E24455144    | CLAIMS-SERVICE  | Polling de notificaciones: E24455144 (ROL_0001)
2026-06-02 10:17:38 | DEBUG    | E24455144    | CLAIMS-SERVICE  | Polling de notificaciones: E24455144 (ROL_0001)
2026-06-02 10:18:08 | DEBUG    | E24455144    | CLAIMS-SERVICE  | Polling de notificaciones: E24455144 (ROL_0001)
2026-06-02 10:18:38 | DEBUG    | E24455144    | CLAIMS-SERVICE  | Polling de notificaciones: E24455144 (ROL_0001)
2026-06-02 10:19:08 | DEBUG    | E24455144    | CLAIMS-SERVICE  | Polling de notificaciones: E24455144 (ROL_0001)
2026-06-02 10:19:38 | DEBUG    | E24455144    | CLAIMS-SERVICE  | Polling de notificaciones: E24455144 (ROL_0001)
2026-06-02 10:20:08 | DEBUG    | E24455144    | CLAIMS-SERVICE  | Polling de notificaciones: E24455144 (ROL_0001)
2026-06-02 10:20:38 | DEBUG    | E24455144    | CLAIMS-SERVICE  | Polling de notificaciones: E24455144 (ROL_0001)
2026-06-02 10:21:08 | DEBUG    | E24455144    | CLAIMS-SERVICE  | Polling de notificaciones: E24455144 (ROL_0001)
2026-06-02 10:21:38 | DEBUG    | E24455144    | CLAIMS-SERVICE  | Polling de notificaciones: E24455144 (ROL_0001)
2026-06-02 10:22:08 | DEBUG    | E24455144    | CLAIMS-SERVICE  | Polling de notificaciones: E24455144 (ROL_0001)
2026-06-02 10:22:38 | DEBUG    | E24455144    | CLAIMS-SERVICE  | Polling de notificaciones: E24455144 (ROL_0001)
2026-06-02 10:23:08 | DEBUG    | E24455144    | CLAIMS-SERVICE  | Polling de notificaciones: E24455144 (ROL_0001)
2026-06-02 10:23:38 | DEBUG    | E24455144    | CLAIMS-SERVICE  | Polling de notificaciones: E24455144 (ROL_0001)
2026-06-02 10:24:08 | DEBUG    | E24455144    | CLAIMS-SERVICE  | Polling de notificaciones: E24455144 (ROL_0001)
2026-06-02 10:24:38 | DEBUG    | E24455144    | CLAIMS-SERVICE  | Polling de notificaciones: E24455144 (ROL_0001)
2026-06-02 10:25:08 | DEBUG    | E24455144    | CLAIMS-SERVICE  | Polling de notificaciones: E24455144 (ROL_0001)
2026-06-02 10:25:38 | DEBUG    | E24455144    | CLAIMS-SERVICE  | Polling de notificaciones: E24455144 (ROL_0001)
2026-06-02 10:26:08 | DEBUG    | E24455144    | CLAIMS-SERVICE  | Polling de notificaciones: E24455144 (ROL_0001)
2026-06-02 10:26:38 | DEBUG    | E24455144    | CLAIMS-SERVICE  | Polling de notificaciones: E24455144 (ROL_0001)
2026-06-02 10:27:08 | DEBUG    | E24455144    | CLAIMS-SERVICE  | Polling de notificaciones: E24455144 (ROL_0001)
2026-06-02 10:27:38 | DEBUG    | E24455144    | CLAIMS-SERVICE  | Polling de notificaciones: E24455144 (ROL_0001)
2026-06-02 10:28:08 | DEBUG    | E24455144    | CLAIMS-SERVICE  | Polling de notificaciones: E24455144 (ROL_0001)
2026-06-02 10:28:38 | DEBUG    | E24455144    | CLAIMS-SERVICE  | Polling de notificaciones: E24455144 (ROL_0001)
2026-06-02 10:29:08 | DEBUG    | E24455144    | CLAIMS-SERVICE  | Polling de notificaciones: E24455144 (ROL_0001)
2026-06-02 10:29:39 | DEBUG    | E24455144    | CLAIMS-SERVICE  | Polling de notificaciones: E24455144 (ROL_0001)
